=== m=1 n=31 nrep=2000 ===
m n nrep                       = 1 31 2000
max error vs direct FST        = 2.720046e-15
max error S(SX)-X              = 2.220446e-16
max error fast vs matmul       = 2.775558e-15
avg time block_fst_apply       = 7.244170e-07 sec
batched FST/s                  = 1.380420e+06
individual FST/s equiv         = 1.380420e+06
GFLOPS (nominal)               = 2.140
=== m=2 n=31 nrep=2000 ===
m n nrep                       = 2 31 2000
max error vs direct FST        = 4.274359e-15
max error S(SX)-X              = 3.330669e-16
max error fast vs matmul       = 4.274359e-15
avg time block_fst_apply       = 1.033723e-06 sec
batched FST/s                  = 9.673772e+05
individual FST/s equiv         = 1.934754e+06
GFLOPS (nominal)               = 2.999
=== m=4 n=31 nrep=2000 ===
m n nrep                       = 4 31 2000
max error vs direct FST        = 3.455569e-15
max error S(SX)-X              = 3.330669e-16
max error fast vs matmul       = 3.649858e-15
avg time block_fst_apply       = 1.424866e-06 sec
batched FST/s                  = 7.018204e+05
individual FST/s equiv         = 2.807281e+06
GFLOPS (nominal)               = 4.351
=== m=8 n=31 nrep=2000 ===
m n nrep                       = 8 31 2000
max error vs direct FST        = 4.551914e-15
max error S(SX)-X              = 3.330669e-16
max error fast vs matmul       = 4.551914e-15
avg time block_fst_apply       = 2.328099e-06 sec
batched FST/s                  = 4.295351e+05
individual FST/s equiv         = 3.436281e+06
GFLOPS (nominal)               = 5.326
=== m=16 n=31 nrep=2000 ===
m n nrep                       = 16 31 2000
max error vs direct FST        = 4.662937e-15
max error S(SX)-X              = 4.440892e-16
max error fast vs matmul       = 4.607426e-15
avg time block_fst_apply       = 4.145299e-06 sec
batched FST/s                  = 2.412372e+05
individual FST/s equiv         = 3.859794e+06
GFLOPS (nominal)               = 5.983
=== m=32 n=31 nrep=2000 ===
m n nrep                       = 32 31 2000
max error vs direct FST        = 6.328271e-15
max error S(SX)-X              = 4.440892e-16
max error fast vs matmul       = 6.328271e-15
avg time block_fst_apply       = 7.911483e-06 sec
batched FST/s                  = 1.263986e+05
individual FST/s equiv         = 4.044754e+06
GFLOPS (nominal)               = 6.269
=== m=1 n=127 nrep=2000 ===
m n nrep                       = 1 127 2000
max error vs direct FST        = 1.601497e-14
max error S(SX)-X              = 5.551115e-16
max error fast vs matmul       = 1.595946e-14
avg time block_fst_apply       = 3.321389e-06 sec
batched FST/s                  = 3.010788e+05
individual FST/s equiv         = 3.010788e+05
GFLOPS (nominal)               = 2.677
=== m=2 n=127 nrep=2000 ===
m n nrep                       = 2 127 2000
max error vs direct FST        = 1.421085e-14
max error S(SX)-X              = 5.551115e-16
max error fast vs matmul       = 1.409983e-14
avg time block_fst_apply       = 4.845474e-06 sec
batched FST/s                  = 2.063782e+05
individual FST/s equiv         = 4.127564e+05
GFLOPS (nominal)               = 3.669
=== m=4 n=127 nrep=2000 ===
m n nrep                       = 4 127 2000
max error vs direct FST        = 1.715295e-14
max error S(SX)-X              = 5.551115e-16
max error fast vs matmul       = 1.695866e-14
avg time block_fst_apply       = 7.254090e-06 sec
batched FST/s                  = 1.378533e+05
individual FST/s equiv         = 5.514131e+05
GFLOPS (nominal)               = 4.902
=== m=8 n=127 nrep=2000 ===
m n nrep                       = 8 127 2000
max error vs direct FST        = 2.142730e-14
max error S(SX)-X              = 5.551115e-16
max error fast vs matmul       = 2.109424e-14
avg time block_fst_apply       = 1.230904e-05 sec
batched FST/s                  = 8.124109e+04
individual FST/s equiv         = 6.499287e+05
GFLOPS (nominal)               = 5.778
=== m=16 n=127 nrep=2000 ===
m n nrep                       = 16 127 2000
max error vs direct FST        = 2.098322e-14
max error S(SX)-X              = 6.106227e-16
max error fast vs matmul       = 2.087219e-14
avg time block_fst_apply       = 2.465534e-05 sec
batched FST/s                  = 4.055916e+04
individual FST/s equiv         = 6.489466e+05
GFLOPS (nominal)               = 5.769
=== m=32 n=127 nrep=2000 ===
m n nrep                       = 32 127 2000
max error vs direct FST        = 2.481348e-14
max error S(SX)-X              = 6.661338e-16
max error fast vs matmul       = 2.498002e-14
avg time block_fst_apply       = 5.141444e-05 sec
batched FST/s                  = 1.944979e+04
individual FST/s equiv         = 6.223932e+05
GFLOPS (nominal)               = 5.533
=== m=64 n=127 nrep=2000 ===
m n nrep                       = 64 127 2000
max error vs direct FST        = 2.591677e-14
max error S(SX)-X              = 5.689893e-16
max error fast vs matmul       = 2.560452e-14
avg time block_fst_apply       = 1.009194e-04 sec
batched FST/s                  = 9.908893e+03
individual FST/s equiv         = 6.341691e+05
GFLOPS (nominal)               = 5.638
=== m=128 n=127 nrep=2000 ===
m n nrep                       = 128 127 2000
max error vs direct FST        = 2.904274e-14
max error S(SX)-X              = 6.661338e-16
max error fast vs matmul       = 2.877906e-14
avg time block_fst_apply       = 2.003545e-04 sec
batched FST/s                  = 4.991152e+03
individual FST/s equiv         = 6.388675e+05
GFLOPS (nominal)               = 5.680
=== m=1 n=511 nrep=2000 ===
m n nrep                       = 1 511 2000
max error vs direct FST        = 8.126833e-14
max error S(SX)-X              = 6.106227e-16
max error fast vs matmul       = 8.104628e-14
avg time block_fst_apply       = 1.458244e-05 sec
batched FST/s                  = 6.857562e+04
individual FST/s equiv         = 6.857562e+04
GFLOPS (nominal)               = 3.154
=== m=2 n=511 nrep=2000 ===
m n nrep                       = 2 511 2000
max error vs direct FST        = 8.743006e-14
max error S(SX)-X              = 7.771561e-16
max error fast vs matmul       = 8.720802e-14
avg time block_fst_apply       = 2.202152e-05 sec
batched FST/s                  = 4.541014e+04
individual FST/s equiv         = 9.082027e+04
GFLOPS (nominal)               = 4.177
=== m=4 n=511 nrep=2000 ===
m n nrep                       = 4 511 2000
max error vs direct FST        = 1.033895e-13
max error S(SX)-X              = 7.216450e-16
max error fast vs matmul       = 1.036393e-13
avg time block_fst_apply       = 3.647098e-05 sec
batched FST/s                  = 2.741906e+04
individual FST/s equiv         = 1.096762e+05
GFLOPS (nominal)               = 5.044
=== m=8 n=511 nrep=2000 ===
m n nrep                       = 8 511 2000
max error vs direct FST        = 1.335043e-13
max error S(SX)-X              = 7.771561e-16
max error fast vs matmul       = 1.338929e-13
avg time block_fst_apply       = 6.907683e-05 sec
batched FST/s                  = 1.447663e+04
individual FST/s equiv         = 1.158131e+05
GFLOPS (nominal)               = 5.326
=== m=16 n=511 nrep=2000 ===
m n nrep                       = 16 511 2000
max error vs direct FST        = 1.196820e-13
max error S(SX)-X              = 7.771561e-16
max error fast vs matmul       = 1.187939e-13
avg time block_fst_apply       = 1.291793e-04 sec
batched FST/s                  = 7.741177e+03
individual FST/s equiv         = 1.238588e+05
GFLOPS (nominal)               = 5.696
=== m=32 n=511 nrep=2000 ===
m n nrep                       = 32 511 2000
max error vs direct FST        = 1.273703e-13
max error S(SX)-X              = 7.910339e-16
max error fast vs matmul       = 1.277589e-13
avg time block_fst_apply       = 2.530155e-04 sec
batched FST/s                  = 3.952326e+03
individual FST/s equiv         = 1.264744e+05
GFLOPS (nominal)               = 5.817
=== m=64 n=511 nrep=2000 ===
m n nrep                       = 64 511 2000
max error vs direct FST        = 1.121325e-13
max error S(SX)-X              = 7.771561e-16
max error fast vs matmul       = 1.125766e-13
avg time block_fst_apply       = 5.178952e-04 sec
batched FST/s                  = 1.930892e+03
individual FST/s equiv         = 1.235771e+05
GFLOPS (nominal)               = 5.683
=== m=128 n=511 nrep=2000 ===
m n nrep                       = 128 511 2000
max error vs direct FST        = 1.489919e-13
max error S(SX)-X              = 9.436896e-16
max error fast vs matmul       = 1.488254e-13
avg time block_fst_apply       = 1.152877e-03 sec
batched FST/s                  = 8.673953e+02
individual FST/s equiv         = 1.110266e+05
GFLOPS (nominal)               = 5.106
=== m=256 n=511 nrep=2000 ===
m n nrep                       = 256 511 2000
max error vs direct FST        = 1.394440e-13
max error S(SX)-X              = 8.881784e-16
max error fast vs matmul       = 1.392220e-13
avg time block_fst_apply       = 2.531554e-03 sec
batched FST/s                  = 3.950143e+02
individual FST/s equiv         = 1.011237e+05
GFLOPS (nominal)               = 4.651
=== m=512 n=511 nrep=1528 ===
m n nrep                       = 512 511 1528
max error vs direct FST        = 1.345590e-13
max error S(SX)-X              = 1.054712e-15
max error fast vs matmul       = 1.345590e-13
avg time block_fst_apply       = 4.935420e-03 sec
batched FST/s                  = 2.026170e+02
individual FST/s equiv         = 1.037399e+05
GFLOPS (nominal)               = 4.771
=== m=1 n=2047 nrep=2000 ===
m n nrep                       = 1 2047 2000
max error S(SX)-X              = 7.216450e-16
avg time block_fst_apply       = 6.726836e-05 sec
batched FST/s                  = 1.486583e+04
individual FST/s equiv         = 1.486583e+04
GFLOPS (nominal)               = 3.347
=== m=2 n=2047 nrep=2000 ===
m n nrep                       = 2 2047 2000
max error S(SX)-X              = 7.771561e-16
avg time block_fst_apply       = 1.082866e-04 sec
batched FST/s                  = 9.234752e+03
individual FST/s equiv         = 1.846950e+04
GFLOPS (nominal)               = 4.159
=== m=4 n=2047 nrep=2000 ===
m n nrep                       = 4 2047 2000
max error S(SX)-X              = 7.771561e-16
avg time block_fst_apply       = 1.772683e-04 sec
batched FST/s                  = 5.641168e+03
individual FST/s equiv         = 2.256467e+04
GFLOPS (nominal)               = 5.081
=== m=8 n=2047 nrep=2000 ===
m n nrep                       = 8 2047 2000
max error S(SX)-X              = 8.881784e-16
avg time block_fst_apply       = 3.263085e-04 sec
batched FST/s                  = 3.064584e+03
individual FST/s equiv         = 2.451667e+04
GFLOPS (nominal)               = 5.520
=== m=16 n=2047 nrep=2000 ===
m n nrep                       = 16 2047 2000
max error S(SX)-X              = 8.881784e-16
avg time block_fst_apply       = 6.335089e-04 sec
batched FST/s                  = 1.578510e+03
individual FST/s equiv         = 2.525616e+04
GFLOPS (nominal)               = 5.687
=== m=32 n=2047 nrep=2000 ===
m n nrep                       = 32 2047 2000
max error S(SX)-X              = 9.992007e-16
avg time block_fst_apply       = 1.375086e-03 sec
batched FST/s                  = 7.272271e+02
individual FST/s equiv         = 2.327127e+04
GFLOPS (nominal)               = 5.240
=== m=64 n=2047 nrep=2000 ===
m n nrep                       = 64 2047 2000
max error S(SX)-X              = 9.853229e-16
avg time block_fst_apply       = 2.839170e-03 sec
batched FST/s                  = 3.522156e+02
individual FST/s equiv         = 2.254180e+04
GFLOPS (nominal)               = 5.076
=== m=128 n=2047 nrep=1526 ===
m n nrep                       = 128 2047 1526
max error S(SX)-X              = 9.992007e-16
avg time block_fst_apply       = 5.575242e-03 sec
batched FST/s                  = 1.793644e+02
individual FST/s equiv         = 2.295864e+04
GFLOPS (nominal)               = 5.170
=== m=256 n=2047 nrep=763 ===
m n nrep                       = 256 2047 763
max error S(SX)-X              = 9.992007e-16
avg time block_fst_apply       = 1.141930e-02 sec
batched FST/s                  = 8.757107e+01
individual FST/s equiv         = 2.241819e+04
GFLOPS (nominal)               = 5.048
=== m=512 n=2047 nrep=381 ===
m n nrep                       = 512 2047 381
max error S(SX)-X              = 1.054712e-15
avg time block_fst_apply       = 2.335770e-02 sec
batched FST/s                  = 4.281244e+01
individual FST/s equiv         = 2.191997e+04
GFLOPS (nominal)               = 4.936
=== m=1024 n=2047 nrep=190 ===
m n nrep                       = 1024 2047 190
max error S(SX)-X              = 1.110223e-15
avg time block_fst_apply       = 5.432963e-02 sec
batched FST/s                  = 1.840616e+01
individual FST/s equiv         = 1.884791e+04
GFLOPS (nominal)               = 4.244
=== m=2048 n=2047 nrep=95 ===
m n nrep                       = 2048 2047 95
max error S(SX)-X              = 1.165734e-15
avg time block_fst_apply       = 1.164738e-01 sec
batched FST/s                  = 8.585620e+00
individual FST/s equiv         = 1.758335e+04
GFLOPS (nominal)               = 3.959
=== m=1 n=8191 nrep=2000 ===
m n nrep                       = 1 8191 2000
max error S(SX)-X              = 8.881784e-16
avg time block_fst_apply       = 3.225763e-04 sec
batched FST/s                  = 3.100042e+03
individual FST/s equiv         = 3.100042e+03
GFLOPS (nominal)               = 3.301
=== m=2 n=8191 nrep=2000 ===
m n nrep                       = 2 8191 2000
max error S(SX)-X              = 1.137979e-15
avg time block_fst_apply       = 5.241532e-04 sec
batched FST/s                  = 1.907839e+03
individual FST/s equiv         = 3.815678e+03
GFLOPS (nominal)               = 4.063
=== m=4 n=8191 nrep=2000 ===
m n nrep                       = 4 8191 2000
max error S(SX)-X              = 9.436896e-16
avg time block_fst_apply       = 8.347546e-04 sec
batched FST/s                  = 1.197957e+03
individual FST/s equiv         = 4.791827e+03
GFLOPS (nominal)               = 5.102
=== m=8 n=8191 nrep=2000 ===
m n nrep                       = 8 8191 2000
max error S(SX)-X              = 9.992007e-16
avg time block_fst_apply       = 1.660894e-03 sec
batched FST/s                  = 6.020854e+02
individual FST/s equiv         = 4.816683e+03
GFLOPS (nominal)               = 5.129
=== m=16 n=8191 nrep=2000 ===
m n nrep                       = 16 8191 2000
max error S(SX)-X              = 1.332268e-15
avg time block_fst_apply       = 3.232793e-03 sec
batched FST/s                  = 3.093300e+02
individual FST/s equiv         = 4.949280e+03
GFLOPS (nominal)               = 5.270
=== m=32 n=8191 nrep=1526 ===
m n nrep                       = 32 8191 1526
max error S(SX)-X              = 1.124101e-15
avg time block_fst_apply       = 6.435051e-03 sec
batched FST/s                  = 1.553989e+02
individual FST/s equiv         = 4.972766e+03
GFLOPS (nominal)               = 5.295
=== m=64 n=8191 nrep=763 ===
m n nrep                       = 64 8191 763
max error S(SX)-X              = 1.221245e-15
avg time block_fst_apply       = 1.295090e-02 sec
batched FST/s                  = 7.721470e+01
individual FST/s equiv         = 4.941740e+03
GFLOPS (nominal)               = 5.262
=== m=128 n=8191 nrep=381 ===
m n nrep                       = 128 8191 381
max error S(SX)-X              = 1.151856e-15
avg time block_fst_apply       = 2.569059e-02 sec
batched FST/s                  = 3.892475e+01
individual FST/s equiv         = 4.982369e+03
GFLOPS (nominal)               = 5.305
=== m=256 n=8191 nrep=190 ===
m n nrep                       = 256 8191 190
max error S(SX)-X              = 1.276756e-15
avg time block_fst_apply       = 6.155544e-02 sec
batched FST/s                  = 1.624552e+01
individual FST/s equiv         = 4.158852e+03
GFLOPS (nominal)               = 4.428
=== m=512 n=8191 nrep=95 ===
m n nrep                       = 512 8191 95
max error S(SX)-X              = 1.443290e-15
avg time block_fst_apply       = 1.304952e-01 sec
batched FST/s                  = 7.663115e+00
individual FST/s equiv         = 3.923515e+03
GFLOPS (nominal)               = 4.178
=== m=1024 n=8191 nrep=47 ===
m n nrep                       = 1024 8191 47
max error S(SX)-X              = 1.332268e-15
avg time block_fst_apply       = 2.624349e-01 sec
batched FST/s                  = 3.810469e+00
individual FST/s equiv         = 3.901920e+03
GFLOPS (nominal)               = 4.155
=== m=2048 n=8191 nrep=23 ===
m n nrep                       = 2048 8191 23
max error S(SX)-X              = 1.332268e-15
avg time block_fst_apply       = 5.336642e-01 sec
batched FST/s                  = 1.873837e+00
individual FST/s equiv         = 3.837619e+03
GFLOPS (nominal)               = 4.086
=== m=4096 n=8191 nrep=11 ===
m n nrep                       = 4096 8191 11
max error S(SX)-X              = 1.346145e-15
avg time block_fst_apply       = 1.120457e+00 sec
batched FST/s                  = 8.924932e-01
individual FST/s equiv         = 3.655652e+03
GFLOPS (nominal)               = 3.893
=== m=8192 n=8191 nrep=5 ===
/var/spool/slurmd/job11251385/slurm_script: line 34: 175955 Killed                  ./test_block_fst "$batch_size" "$transform_length" "$num_reps" "$OUTPUT_DIR"
[2026-10-09T17:19:38.091] error: Detected 1 oom_kill event in StepId=11251385.batch. Some of the step tasks have been OOM Killed.
