=== intranode ===
[ccc0398.campuscluster.illinois.edu:173335] Rank 0 bound to package[0][core:0]
[ccc0398.campuscluster.illinois.edu:173335] Rank 1 bound to package[0][core:2]
writing results/pingpong_intranode.csv
      nbytes   nrep   t_oneway_min   t_oneway_avg
           8   1000   7.527710e-07   7.565570e-07
          16   1000   7.512160e-07   7.565226e-07
          32   1000   7.815565e-07   7.869885e-07
          64   1000   8.519385e-07   8.883989e-07
         128   1000   8.870145e-07   9.223026e-07
         256   1000   1.104784e-06   1.116007e-06
         512   1000   1.181135e-06   1.201774e-06
        1024   1000   1.625211e-06   1.638840e-06
        2048   1000   1.956031e-06   1.958430e-06
        4096   1000   2.657022e-06   2.672445e-06
        8192   1000   3.783429e-06   3.791617e-06
       16384   1000   4.249758e-06   4.259892e-06
       32768    512   5.054142e-06   5.055125e-06
       65536    256   6.984635e-06   6.989779e-06
      131072    128   9.526980e-06   9.533123e-06
      262144     64   1.520103e-05   1.524295e-05
      524288     32   2.584022e-05   2.591044e-05
     1048576     16   4.753056e-05   4.757328e-05
     2097152      8   9.010119e-05   9.015039e-05
     4194304      4   1.785555e-04   1.786871e-04
     8388608      4   3.555010e-04   3.558794e-04
    16777216      4   7.162436e-04   7.166140e-04
    33554432      4   1.433481e-03   1.433882e-03
    67108864      4   2.862246e-03   2.862698e-03
   134217728      4   5.724851e-03   5.725324e-03
=== internode ===
[ccc0398.campuscluster.illinois.edu:173366] Rank 0 bound to package[0][core:0]
[ccc0399.campuscluster.illinois.edu:3573604] Rank 1 bound to package[0][core:0]
writing results/pingpong_internode.csv
      nbytes   nrep   t_oneway_min   t_oneway_avg
           8   1000   2.131026e-06   2.140009e-06
          16   1000   2.128538e-06   2.132627e-06
          32   1000   2.163433e-06   2.168969e-06
          64   1000   2.237926e-06   2.266174e-06
         128   1000   2.277867e-06   2.310646e-06
         256   1000   2.492629e-06   2.609221e-06
         512   1000   2.593648e-06   2.610669e-06
        1024   1000   3.041901e-06   3.060831e-06
        2048   1000   3.361362e-06   3.376367e-06
        4096   1000   4.060230e-06   4.063087e-06
        8192   1000   8.190008e-06   8.206311e-06
       16384   1000   8.872259e-06   8.881425e-06
       32768    512   1.036493e-05   1.037470e-05
       65536    256   1.355172e-05   1.357175e-05
      131072    128   1.890830e-05   1.893162e-05
      262144     64   2.965148e-05   2.968170e-05
      524288     32   5.112975e-05   5.116718e-05
     1048576     16   9.408197e-05   9.413996e-05
     2097152      8   1.800180e-04   1.800343e-04
     4194304      4   3.518401e-04   3.518730e-04
     8388608      4   6.956034e-04   6.957459e-04
    16777216      4   1.382809e-03   1.382900e-03
    33554432      4   2.757277e-03   2.757350e-03
    67108864      4   5.505935e-03   5.506807e-03
   134217728      4   1.100316e-02   1.100330e-02
