=== intranode ===
[ccc0398.campuscluster.illinois.edu:174694] Rank 0 bound to package[0][core:0]
[ccc0398.campuscluster.illinois.edu:174694] Rank 1 bound to package[0][core:2]
writing results/pingpong_intranode.csv
      nbytes   nrep   t_oneway_min   t_oneway_avg
           8   1000   7.500080e-07   7.542502e-07
          16   1000   7.497145e-07   7.539656e-07
          32   1000   7.795960e-07   7.849525e-07
          64   1000   8.518890e-07   8.879780e-07
         128   1000   8.883225e-07   9.209187e-07
         256   1000   1.097694e-06   1.229942e-06
         512   1000   1.182645e-06   1.203612e-06
        1024   1000   1.621117e-06   1.635189e-06
        2048   1000   1.944366e-06   1.951550e-06
        4096   1000   2.654469e-06   2.674680e-06
        8192   1000   3.765973e-06   3.774644e-06
       16384   1000   4.238330e-06   4.248805e-06
       32768    512   4.958892e-06   4.964569e-06
       65536    256   6.975336e-06   6.977996e-06
      131072    128   9.522547e-06   9.529209e-06
      262144     64   1.527370e-05   1.527720e-05
      524288     32   2.605244e-05   2.608504e-05
     1048576     16   4.758494e-05   4.762318e-05
     2097152      8   9.007831e-05   9.016145e-05
     4194304      4   1.778282e-04   1.778936e-04
     8388608      4   3.545870e-04   3.550008e-04
    16777216      4   7.162929e-04   7.166296e-04
    33554432      4   1.432677e-03   1.432892e-03
    67108864      4   2.860678e-03   2.861013e-03
   134217728      4   5.721790e-03   5.722972e-03
=== internode ===
[ccc0398.campuscluster.illinois.edu:174726] Rank 0 bound to package[0][core:0]
[ccc0399.campuscluster.illinois.edu:3574753] Rank 1 bound to package[0][core:0]
writing results/pingpong_internode.csv
      nbytes   nrep   t_oneway_min   t_oneway_avg
           8   1000   2.128539e-06   2.131524e-06
          16   1000   2.125888e-06   2.128119e-06
          32   1000   2.167513e-06   2.169090e-06
          64   1000   2.239019e-06   2.260971e-06
         128   1000   2.297787e-06   2.315088e-06
         256   1000   2.489002e-06   2.605283e-06
         512   1000   2.597015e-06   2.610300e-06
        1024   1000   3.049029e-06   3.067889e-06
        2048   1000   3.364742e-06   3.380280e-06
        4096   1000   4.044903e-06   4.052974e-06
        8192   1000   8.195311e-06   8.207957e-06
       16384   1000   8.877259e-06   8.887748e-06
       32768    512   1.051290e-05   1.052072e-05
       65536    256   1.354825e-05   1.357061e-05
      131072    128   1.890701e-05   1.893112e-05
      262144     64   2.965139e-05   2.967117e-05
      524288     32   5.115655e-05   5.117842e-05
     1048576     16   9.407372e-05   9.409394e-05
     2097152      8   1.800187e-04   1.800338e-04
     4194304      4   3.518397e-04   3.518617e-04
     8388608      4   6.955399e-04   6.956529e-04
    16777216      4   1.382885e-03   1.382964e-03
    33554432      4   2.757288e-03   2.757374e-03
    67108864      4   5.505978e-03   5.512494e-03
   134217728      4   1.100321e-02   1.100336e-02
