=== intranode ===
[ccc0398.campuscluster.illinois.edu:285683] Rank 0 bound to package[0][core:0]
[ccc0398.campuscluster.illinois.edu:285683] Rank 1 bound to package[0][core:2]
writing results/pingpong_intranode.csv
      nbytes   nrep   t_oneway_min   t_oneway_avg
           8   1000   7.487225e-07   7.519374e-07
          16   1000   7.485285e-07   7.525866e-07
          32   1000   7.805750e-07   7.847402e-07
          64   1000   8.530910e-07   8.882224e-07
         128   1000   8.965975e-07   9.215479e-07
         256   1000   1.101825e-06   1.109138e-06
         512   1000   1.179164e-06   1.200429e-06
        1024   1000   1.629343e-06   1.632272e-06
        2048   1000   1.948796e-06   1.953084e-06
        4096   1000   2.665286e-06   2.672929e-06
        8192   1000   3.771646e-06   3.777197e-06
       16384   1000   4.231112e-06   4.234515e-06
       32768    512   5.036132e-06   5.040509e-06
       65536    256   6.964109e-06   6.971486e-06
      131072    128   9.512293e-06   9.521249e-06
      262144     64   1.519222e-05   1.520452e-05
      524288     32   2.580637e-05   2.585956e-05
     1048576     16   4.743263e-05   4.760049e-05
     2097152      8   9.008612e-05   9.022201e-05
     4194304      4   1.764136e-04   1.766534e-04
     8388608      4   3.547791e-04   3.551446e-04
    16777216      4   7.156305e-04   7.159506e-04
    33554432      4   1.433829e-03   1.434153e-03
    67108864      4   2.861385e-03   2.862057e-03
   134217728      4   5.721066e-03   5.722113e-03
=== internode ===
[ccc0398.campuscluster.illinois.edu:285715] Rank 0 bound to package[0][core:0]
[ccc0399.campuscluster.illinois.edu:3677461] Rank 1 bound to package[0][core:0]
writing results/pingpong_internode.csv
      nbytes   nrep   t_oneway_min   t_oneway_avg
           8   1000   2.124187e-06   2.128553e-06
          16   1000   2.124587e-06   2.135040e-06
          32   1000   2.163444e-06   2.172787e-06
          64   1000   2.237363e-06   2.265214e-06
         128   1000   2.278380e-06   2.310324e-06
         256   1000   2.490396e-06   2.609043e-06
         512   1000   2.591487e-06   2.613657e-06
        1024   1000   3.053903e-06   3.067944e-06
        2048   1000   3.375630e-06   3.383401e-06
        4096   1000   4.052164e-06   4.060745e-06
        8192   1000   8.190670e-06   8.196547e-06
       16384   1000   8.864689e-06   8.877556e-06
       32768    512   1.050882e-05   1.051838e-05
       65536    256   1.354358e-05   1.355130e-05
      131072    128   1.891165e-05   1.892394e-05
      262144     64   2.966665e-05   2.968723e-05
      524288     32   5.113523e-05   5.114850e-05
     1048576     16   9.409022e-05   9.413437e-05
     2097152      8   1.800292e-04   1.800400e-04
     4194304      4   3.518297e-04   3.518677e-04
     8388608      4   6.954585e-04   6.955115e-04
    16777216      4   1.382848e-03   1.382940e-03
    33554432      4   2.757252e-03   2.757324e-03
    67108864      4   5.505992e-03   5.506795e-03
   134217728      4   1.100315e-02   1.100337e-02
